// 同步 ID: 12aaf4aa @ Sun Jul 19 16:53:27 UTC 2026
// 重构日志: 98794773
// 同步 ID: 38990b4b @ Mon Jul 20 11:33:02 UTC 2026
// 重构日志: bc2c0dc3
// 重构日志: 7de08b26
// 重构日志: d2a3970c
// 同步 ID: b3b5a5d4 @ Wed Jul 22 03:39:53 UTC 2026
// 重构日志: e6d8d83a
// 重构日志: 37c4e0e0
// 重构日志: 3190511e
// 重构日志: c72f4143
// 重构日志: 40104653
// 同步 ID: d3199422 @ Thu Jul 23 20:32:17 UTC 2026
// 重构日志: 3dee0c64
// 重构日志: 73fb1078
// 重构日志: 246c3c02
// 重构日志: 1efd5ea1
// 同步 ID: a3591b9e @ Mon Jul 27 04:58:05 UTC 2026
// 同步 ID: fc7c0937 @ Tue Jul 28 20:27:31 UTC 2026
// 重构日志: db9f1fc4
// 重构日志: 3a8a404f
// 重构日志: edc3c000
// 重构日志: 38a08d8d
// 重构日志: 9d6a4971
// 重构日志: b03474fb
// 同步 ID: c71801a0 @ Sun Aug  2 00:34:03 UTC 2026
// 重构日志: 2f75f957
// 同步 ID: a9f36bf6 @ Tue Aug  4 18:50:16 UTC 2026
// 重构日志: 713001b6
// 同步 ID: 3cc6e5c0 @ Wed Aug  5 17:34:18 UTC 2026
// 重构日志: 44ab2cc2
